python : Traceback (most recent call last):
At line:1 char:66
+ ... _d_audio_fix" ; python -m app.music_player *> test_output.log; sleep  ...
+                     ~~~~~~~~~~~~~~~~~~~~~~~~~~~~~~~~~~~~~~~~~~~~~
    + CategoryInfo          : NotSpecified: (Traceback (most recent call last)::String) [], RemoteException
    + FullyQualifiedErrorId : NativeCommandError
 
  File "<frozen runpy>", line 198, in _run_module_as_main
  File "<frozen runpy>", line 88, in _run_code
  File "C:\Users\Seth Zwiebel\OneDrive\Documents\step_d_audio_fix\app\music_player.py", line 19, in <module>
    raise SystemExit(main())
                     ^^^^^^
  File "C:\Users\Seth Zwiebel\OneDrive\Documents\step_d_audio_fix\app\music_player.py", line 9, in main
    from PySide6.QtWidgets import QApplication
ModuleNotFoundError: No module named 'PySide6'
